> coef(fit100)
                 MLE           sd    Z-ratio
phi(1)  0.0374810041 0.0154194927  2.4307547
mu     -0.0001774503 0.0004621764 -0.3839449
> print(fit100)
ARIMA(1,0,0)
length of series = 4200 ,  number of parameters = 2
loglikelihood = 15375.99 ,  aic = -30748 ,  bic =  -30735.3
> 
> coef(fit001)
                   MLE           sd    Z-ratio
theta(1) -0.0357414498 0.0154204761 -2.3177916
mu       -0.0001774503 0.0003966969 -0.4473196
> print(fit001)
ARIMA(0,0,1)
length of series = 4200 ,  number of parameters = 2
loglikelihood = 15375.85 ,  aic = -30747.7 ,  bic =  -30735
> 
> coef(fit606)
Error in coef(fit606) : objeto 'fit606' não encontrado
> print(fit606)
Error in print(fit606) : objeto 'fit606' não encontrado
> 
> coef(fit003)
                   MLE           sd    Z-ratio
theta(1) -0.0374255585 0.0154187880 -2.4272698
theta(2) -0.0258715325 0.0154244336 -1.6773084
theta(3)  0.0386794863 0.0154187880  2.5085945
mu       -0.0001774503 0.0003962903 -0.4477785
> print(fit003)
ARMA(0,3)
length of series = 4200 ,  number of parameters = 4
loglikelihood = 15380.16 ,  aic = -30752.3 ,  bic =  -30726.9
> 
> coef(fit600)
                 MLE           sd     Z-ratio
phi(1)  0.0380245567 0.0154186853  2.46613481
phi(2)  0.0235558618 0.0154283273  1.52679298
phi(3) -0.0385756871 0.0154326027 -2.49962289
phi(4)  0.0008454264 0.0154326027  0.05478184
phi(5)  0.0140241730 0.0154283273  0.90898856
phi(6) -0.0388509850 0.0154186853 -2.51973396
mu     -0.0001774503 0.0003944475 -0.44987041
> print(fit600)
ARIMA(6,0,0)
length of series = 4200 ,  number of parameters = 7
loglikelihood = 15383.32 ,  aic = -30752.6 ,  bic =  -30708.2
> 
> coef(fit006)
                   MLE           sd    Z-ratio
theta(1) -0.0366331248 0.0154185253 -2.3759163
theta(2) -0.0273649933 0.0154269647 -1.7738417
theta(3)  0.0387473309 0.0154326985  2.5107295
theta(4)  0.0023840588 0.0154326985  0.1544810
theta(5) -0.0157686743 0.0154269647 -1.0221502
theta(6)  0.0391168515 0.0154185253  2.5370034
mu       -0.0001774503 0.0003959445 -0.4481695
> print(fit006)
ARMA(0,6)
length of series = 4200 ,  number of parameters = 7
loglikelihood = 15383.81 ,  aic = -30753.6 ,  bic =  -30709.2
> 
> coef(fit101)
                   MLE         sd    Z-ratio
phi(1)    0.2280688784 0.37285942  0.6116753
theta(1)  0.1895173504 0.37601202  0.5040194
mu       -0.0001774503 0.00111711 -0.1588476
> print(fit101)
ARIMA(1,0,1)
length of series = 4200 ,  number of parameters = 3
loglikelihood = 15376.32 ,  aic = -30746.6 ,  bic =  -30727.6
> 
> coef(fit103)
                   MLE          sd     Z-ratio
phi(1)    0.0190976305 0.397865429  0.04800023
theta(1) -0.0184237732 0.397558502 -0.04634229
theta(2) -0.0250627014 0.021722288 -1.15377818
theta(3)  0.0392820361 0.018681268  2.10275000
mu       -0.0001774503 0.000428065 -0.41454053
> print(fit103)
ARMA(1,3)
length of series = 4200 ,  number of parameters = 5
loglikelihood = 15380.16 ,  aic = -30750.3 ,  bic =  -30718.6
> 
> coef(fit106)
                   MLE         sd    Z-ratio
phi(1)    0.2580765246 0.34812551  0.7413318
theta(1)  0.2206894938 0.34780611  0.6345187
theta(2) -0.0174900428 0.02050007 -0.8531699
theta(3)  0.0456333729 0.01846878  2.4708388
theta(4) -0.0080990347 0.02116190 -0.3827178
theta(5) -0.0157879761 0.01579474 -0.9995720
theta(6)  0.0443515886 0.01555252  2.8517294
mu       -0.0001774503 0.00130663 -0.1358076
> print(fit106)
ARMA(1,6)
length of series = 4200 ,  number of parameters = 8
loglikelihood = 15384.25 ,  aic = -30752.5 ,  bic =  -30701.8
> 
> coef(fit301)
                   MLE           sd     Z-ratio
phi(1)    0.0188922910 0.4185221569  0.04514048
phi(2)    0.0237829191 0.0217386293  1.09403950
phi(3)   -0.0364210381 0.0180508950 -2.01768600
theta(1) -0.0186000799 0.4187998818 -0.04441281
mu       -0.0001774503 0.0004063932 -0.43664674
> print(fit301)
ARIMA(3,0,1)
length of series = 4200 ,  number of parameters = 5
loglikelihood = 15379.83 ,  aic = -30749.7 ,  bic =  -30717.9
> 
> coef(fit303)
                   MLE         sd     Z-ratio
phi(1)    0.1024105585 0.90578964  0.11306219
phi(2)   -0.1492155968 0.66786484 -0.22342185
phi(3)    0.6142334421 0.70739030  0.86830911
theta(1)  0.0739152987 0.90099381  0.08203752
theta(2) -0.1699707460 0.68902530 -0.24668288
theta(3)  0.6574823561 0.74187777  0.88624081
mu       -0.0001774503 0.01130565 -0.01569571
> print(fit303)
ARMA(3,3)
length of series = 4200 ,  number of parameters = 7
loglikelihood = 15384.84 ,  aic = -30755.7 ,  bic =  -30711.3
> 
> coef(fit306)
                   MLE          sd    Z-ratio
phi(1)   -0.0426617411 0.389834852 -0.1094354
phi(2)   -0.2159576920 0.340747704 -0.6337759
phi(3)    0.5471941043 0.344042483  1.5904841
theta(1) -0.0808481125 0.390000995 -0.2073023
theta(2) -0.2437096478 0.353978319 -0.6884875
theta(3)  0.5765691035 0.364334063  1.5825287
theta(4)  0.0226076804 0.020463880  1.1047602
theta(5)  0.0077887026 0.021688383  0.3591186
theta(6)  0.0130271977 0.022356260  0.5827092
mu       -0.0001774503 0.001544879 -0.1148635
> print(fit306)
ARMA(3,6)
length of series = 4200 ,  number of parameters = 10
loglikelihood = 15385.96 ,  aic = -30751.9 ,  bic =  -30688.5
> 
> coef(fit601)
                   MLE          sd    Z-ratio
phi(1)    0.2744482125 0.354576566  0.7740168
phi(2)    0.0146849597 0.020797150  0.7061044
phi(3)   -0.0441799750 0.017974726 -2.4578943
phi(4)    0.0096550919 0.020649871  0.4675618
phi(5)    0.0140738226 0.015986153  0.8803758
phi(6)   -0.0428482572 0.015442793 -2.7746442
theta(1)  0.2367960414 0.354883637  0.6672498
mu       -0.0001774503 0.001102326 -0.1609780
> print(fit601)
ARIMA(6,0,1)
length of series = 4200 ,  number of parameters = 8
loglikelihood = 15383.69 ,  aic = -30751.4 ,  bic =  -30700.6
> 
> coef(fit603)
                   MLE          sd    Z-ratio
phi(1)   -0.0283609272 0.374644011 -0.0757010
phi(2)   -0.2152833860 0.313651173 -0.6863784
phi(3)    0.5440146130 0.318306054  1.7090929
phi(4)   -0.0225417115 0.019347469 -1.1650987
phi(5)   -0.0071569840 0.020529056 -0.3486270
phi(6)   -0.0140581417 0.021181386 -0.6637026
theta(1) -0.0667864336 0.374477171 -0.1783458
theta(2) -0.2426709992 0.326311079 -0.7436799
theta(3)  0.5734309776 0.337740180  1.6978465
mu       -0.0001774503 0.001295828 -0.1369397
> print(fit603)
ARMA(6,3)
length of series = 4200 ,  number of parameters = 10
loglikelihood = 15386.01 ,  aic = -30752 ,  bic =  -30688.6